// Jest Snapshot v1, https://goo.gl/fbAQLP

exports[`EuiToolTipPopover is rendered 1`] = `
<div
  aria-label="aria-label"
  class="euiToolTipPopover testClass1 testClass2 css-1mf5s7x-euiToolTip-EuiToolTipPopover"
  data-test-subj="test subject string"
/>
`;
