// Jest Snapshot v1, https://goo.gl/fbAQLP

exports[`EuiFlyoutFooter is rendered 1`] = `
<div
  aria-label="aria-label"
  class="euiFlyoutFooter testClass1 testClass2 css-1dnjjp9-euiFlyoutFooter"
  data-test-subj="test subject string"
/>
`;
