// Jest Snapshot v1, https://goo.gl/fbAQLP

exports[`EuiGlobalToastListItem is rendered 1`] = `
<div
  class="euiGlobalToastListItem css-1k3bfjz-euiGlobalToastListItem"
>
  Hi
</div>
`;
